// Jest Snapshot v1, https://goo.gl/fbAQLP

exports[`Input component renders component 1`] = `
<input
  onChange={[Function]}
  value=""
/>
`;

exports[`Input component renders correctly 1`] = `
<input
  onChange={[Function]}
  value=""
/>
`;
